Using pre-set license
Built from '6000.0/staging' branch; Version is '6000.0.40f1 (157d81624ddf) revision 1408385'; Using compiler version '193933523'; Build Type 'Release'
OS: 'Windows 10  (10.0.19045) 64bit Professional' Language: 'ko' Physical Memory: 32693 MB
BatchMode: 1, IsHumanControllingUs: 0, StartBugReporterOnCrash: 0, Is64bit: 1, IsPro: 1

COMMAND LINE ARGUMENTS:
C:\Program Files\Unity\Hub\Editor\6000.0.40f1\Editor\Unity.exe
-adb2
-batchMode
-noUpm
-name
AssetImportWorker1
-projectPath
C:/Unity/pian_station/PianStation
-logFile
Logs/AssetImportWorker1.log
-srvPort
50915
-job-worker-count
5
-background-job-worker-count
8
-gc-helper-count
1
Successfully changed project path to: C:/Unity/pian_station/PianStation
C:/Unity/pian_station/PianStation
[UnityMemory] Configuration Parameters - Can be set up in boot.config
    "memorysetup-bucket-allocator-granularity=16"
    "memorysetup-bucket-allocator-bucket-count=8"
    "memorysetup-bucket-allocator-block-size=33554432"
    "memorysetup-bucket-allocator-block-count=8"
    "memorysetup-main-allocator-block-size=16777216"
    "memorysetup-thread-allocator-block-size=16777216"
    "memorysetup-gfx-main-allocator-block-size=16777216"
    "memorysetup-gfx-thread-allocator-block-size=16777216"
    "memorysetup-cache-allocator-block-size=4194304"
    "memorysetup-typetree-allocator-block-size=2097152"
    "memorysetup-profiler-bucket-allocator-granularity=16"
    "memorysetup-profiler-bucket-allocator-bucket-count=8"
    "memorysetup-profiler-bucket-allocator-block-size=33554432"
    "memorysetup-profiler-bucket-allocator-block-count=8"
    "memorysetup-profiler-allocator-block-size=16777216"
    "memorysetup-profiler-editor-allocator-block-size=1048576"
    "memorysetup-temp-allocator-size-main=16777216"
    "memorysetup-job-temp-allocator-block-size=2097152"
    "memorysetup-job-temp-allocator-block-size-background=1048576"
    "memorysetup-job-temp-allocator-reduction-small-platforms=262144"
    "memorysetup-allocator-temp-initial-block-size-main=262144"
    "memorysetup-allocator-temp-initial-block-size-worker=262144"
    "memorysetup-temp-allocator-size-background-worker=32768"
    "memorysetup-temp-allocator-size-job-worker=262144"
    "memorysetup-temp-allocator-size-preload-manager=33554432"
    "memorysetup-temp-allocator-size-nav-mesh-worker=65536"
    "memorysetup-temp-allocator-size-audio-worker=65536"
    "memorysetup-temp-allocator-size-cloud-worker=32768"
    "memorysetup-temp-allocator-size-gi-baking-worker=262144"
    "memorysetup-temp-allocator-size-gi-baking-worker=262144"
    "memorysetup-temp-allocator-size-gi-baking-worker=262144"
    "memorysetup-temp-allocator-size-gi-baking-worker=262144"
    "memorysetup-temp-allocator-size-gi-baking-worker=262144"
    "memorysetup-temp-allocator-size-gfx=262144"
Player connection [38624]  Target information:

Player connection [38624]  * "[IP] 192.168.0.3 [Port] 0 [Flags] 2 [Guid] 1346001339 [EditorId] 1346001339 [Version] 1048832 [Id] WindowsEditor(7,DESKTOP-4SODQQD) [Debug] 1 [PackageName] WindowsEditor [ProjectName] Editor" 

Player connection [38624] Host joined multi-casting on [225.0.0.222:54997]...
Player connection [38624] Host joined alternative multi-casting on [225.0.0.222:34997]...
JobSystem: Creating JobQueue using job-worker-count value 5
Input System module state changed to: Initialized.
[Physics::Module] Initialized fallback backend.
[Physics::Module] Id: 0xdecafbad
Library Redirect Path: Library/
[Physics::Module] Selected backend.
[Physics::Module] Name: PhysX
[Physics::Module] Id: 0xf2b8ea05
[Physics::Module] SDK Version: 4.1.2
[Physics::Module] Integration Version: 1.0.0
[Physics::Module] Threading Mode: Multi-Threaded
Refreshing native plugins compatible for Editor in 5.04 ms, found 4 plugins.
Preloading 0 native plugins for Editor in 0.00 ms.
Initialize engine version: 6000.0.40f1 (157d81624ddf)
[Subsystems] Discovering subsystems at path C:/Program Files/Unity/Hub/Editor/6000.0.40f1/Editor/Data/Resources/UnitySubsystems
[Subsystems] Discovering subsystems at path C:/Unity/pian_station/PianStation/Assets
GfxDevice: creating device client; kGfxThreadingModeNonThreaded
Direct3D:
    Version:  Direct3D 11.0 [level 11.1]
    Renderer: NVIDIA GeForce RTX 4060 (ID=0x2882)
    Vendor:   NVIDIA
    VRAM:     7957 MB
    Driver:   32.0.15.6094
Initialize mono
Mono path[0] = 'C:/Program Files/Unity/Hub/Editor/6000.0.40f1/Editor/Data/Managed'
Mono path[1] = 'C:/Program Files/Unity/Hub/Editor/6000.0.40f1/Editor/Data/MonoBleedingEdge/lib/mono/unityjit-win32'
Mono config path = 'C:/Program Files/Unity/Hub/Editor/6000.0.40f1/Editor/Data/MonoBleedingEdge/etc'
Using monoOptions --debugger-agent=transport=dt_socket,embedding=1,server=y,suspend=n,address=127.0.0.1:56568
Begin MonoManager ReloadAssembly
Registering precompiled unity dll's ...
Register platform support module: C:/Program Files/Unity/Hub/Editor/6000.0.40f1/Editor/Data/PlaybackEngines/WebGLSupport/UnityEditor.WebGL.Extensions.dll
Register platform support module: C:/Program Files/Unity/Hub/Editor/6000.0.40f1/Editor/Data/PlaybackEngines/WindowsStandaloneSupport/UnityEditor.WindowsStandalone.Extensions.dll
Registered in 0.012539 seconds.
- Loaded All Assemblies, in  0.561 seconds
Native extension for WindowsStandalone target not found
Native extension for WebGL target not found
Mono: successfully reloaded assembly
- Finished resetting the current domain, in  0.480 seconds
Domain Reload Profiling: 1031ms
	BeginReloadAssembly (206ms)
		ExecutionOrderSort (0ms)
		DisableScriptedObjects (0ms)
		BackupInstance (0ms)
		ReleaseScriptingObjects (0ms)
		CreateAndSetChildDomain (1ms)
	RebuildCommonClasses (44ms)
	RebuildNativeTypeToScriptingClass (14ms)
	initialDomainReloadingComplete (82ms)
	LoadAllAssembliesAndSetupDomain (205ms)
		LoadAssemblies (196ms)
		RebuildTransferFunctionScriptingTraits (0ms)
		AnalyzeDomain (201ms)
			TypeCache.Refresh (199ms)
				TypeCache.ScanAssembly (183ms)
			BuildScriptInfoCaches (0ms)
			ResolveRequiredComponents (0ms)
	FinalizeReload (481ms)
		ReleaseScriptCaches (0ms)
		RebuildScriptCaches (0ms)
		SetupLoadedEditorAssemblies (420ms)
			LogAssemblyErrors (0ms)
			InitializePlatformSupportModulesInManaged (38ms)
			SetLoadedEditorAssemblies (5ms)
			BeforeProcessingInitializeOnLoad (86ms)
			ProcessInitializeOnLoadAttributes (212ms)
			ProcessInitializeOnLoadMethodAttributes (79ms)
			AfterProcessingInitializeOnLoad (0ms)
			EditorAssembliesLoaded (0ms)
		ExecutionOrderSort2 (0ms)
		AwakeInstancesAfterBackupRestoration (0ms)
========================================================================
Worker process is ready to serve import requests
Import Worker Mode flag is 0x00
Begin MonoManager ReloadAssembly
- Loaded All Assemblies, in  1.164 seconds
Refreshing native plugins compatible for Editor in 4.18 ms, found 4 plugins.
Native extension for WindowsStandalone target not found
Native extension for WebGL target not found
Mono: successfully reloaded assembly
- Finished resetting the current domain, in  1.101 seconds
Domain Reload Profiling: 2249ms
	BeginReloadAssembly (232ms)
		ExecutionOrderSort (0ms)
		DisableScriptedObjects (5ms)
		BackupInstance (0ms)
		ReleaseScriptingObjects (0ms)
		CreateAndSetChildDomain (32ms)
	RebuildCommonClasses (43ms)
	RebuildNativeTypeToScriptingClass (15ms)
	initialDomainReloadingComplete (65ms)
	LoadAllAssembliesAndSetupDomain (792ms)
		LoadAssemblies (643ms)
		RebuildTransferFunctionScriptingTraits (0ms)
		AnalyzeDomain (300ms)
			TypeCache.Refresh (213ms)
				TypeCache.ScanAssembly (197ms)
			BuildScriptInfoCaches (71ms)
			ResolveRequiredComponents (12ms)
	FinalizeReload (1102ms)
		ReleaseScriptCaches (0ms)
		RebuildScriptCaches (0ms)
		SetupLoadedEditorAssemblies (887ms)
			LogAssemblyErrors (0ms)
			InitializePlatformSupportModulesInManaged (4ms)
			SetLoadedEditorAssemblies (6ms)
			BeforeProcessingInitializeOnLoad (285ms)
			ProcessInitializeOnLoadAttributes (421ms)
			ProcessInitializeOnLoadMethodAttributes (153ms)
			AfterProcessingInitializeOnLoad (18ms)
			EditorAssembliesLoaded (0ms)
		ExecutionOrderSort2 (0ms)
		AwakeInstancesAfterBackupRestoration (25ms)
Launched and connected shader compiler UnityShaderCompiler.exe after 0.22 seconds
Refreshing native plugins compatible for Editor in 3.33 ms, found 4 plugins.
Preloading 0 native plugins for Editor in 0.00 ms.
Unloading 219 Unused Serialized files (Serialized files now loaded: 0)
Unloading 6689 unused Assets / (4.3 MB). Loaded Objects now: 7401.
Memory consumption went from 178.3 MB to 174.0 MB.
Total: 9.374000 ms (FindLiveObjects: 0.886300 ms CreateObjectMapping: 1.275800 ms MarkObjects: 4.924700 ms  DeleteObjects: 2.286400 ms)

========================================================================
Received Import Request.
  Time since last request: 181362.377936 seconds.
  path: Assets/TextMesh Pro/Shaders/TMP_SDF Overlay.shader
  artifactKey: Guid(dd89cf5b9246416f84610a006f916af7) Importer(2089858483,192608db42251d675da83286b1cce702)
Start importing Assets/TextMesh Pro/Shaders/TMP_SDF Overlay.shader using Guid(dd89cf5b9246416f84610a006f916af7) Importer(2089858483,192608db42251d675da83286b1cce702) (ScriptedImporter) -> (artifact id: 'd85c3bd02bec76a72655c8fd1320a473') in 0.2211972 seconds
Number of updated asset objects reloaded before import = 0Number of asset objects unloaded after import = 1

========================================================================
Received Import Request.
  Time since last request: 0.000018 seconds.
  path: Assets/objects/background/big_poster.png
  artifactKey: Guid(628a7a6b364356a48895cce447a67c7e) Importer(2089858483,192608db42251d675da83286b1cce702)
Start importing Assets/objects/background/big_poster.png using Guid(628a7a6b364356a48895cce447a67c7e) Importer(2089858483,192608db42251d675da83286b1cce702) (ScriptedImporter) -> (artifact id: '73cebd5be8936524eb0581fc3b3a2ded') in 0.0886377 seconds
Number of updated asset objects reloaded before import = 0Number of asset objects unloaded after import = 4

========================================================================
Received Import Request.
  Time since last request: 0.000028 seconds.
  path: Assets/TextMesh Pro/Resources/Fonts & Materials/LiberationSans SDF - Fallback.asset
  artifactKey: Guid(2e498d1c8094910479dc3e1b768306a4) Importer(2089858483,192608db42251d675da83286b1cce702)
Start importing Assets/TextMesh Pro/Resources/Fonts & Materials/LiberationSans SDF - Fallback.asset using Guid(2e498d1c8094910479dc3e1b768306a4) Importer(2089858483,192608db42251d675da83286b1cce702) (ScriptedImporter) -> (artifact id: '01a5e9c95370543e1ceef72c28eebfb1') in 0.0755024 seconds
Number of updated asset objects reloaded before import = 0Number of asset objects unloaded after import = 5

========================================================================
Received Import Request.
  Time since last request: 0.000019 seconds.
  path: Assets/objects/background/background_6.asset
  artifactKey: Guid(f37418b3d51de6a438ad8cb7e3bfa3d3) Importer(2089858483,192608db42251d675da83286b1cce702)
Start importing Assets/objects/background/background_6.asset using Guid(f37418b3d51de6a438ad8cb7e3bfa3d3) Importer(2089858483,192608db42251d675da83286b1cce702) (ScriptedImporter) -> (artifact id: '876d6562a792f0d118416a370f9d4e1a') in 0.0250546 seconds
Number of updated asset objects reloaded before import = 0Number of asset objects unloaded after import = 2

========================================================================
Received Import Request.
  Time since last request: 0.000018 seconds.
  path: Assets/_Scripts/Player/camera.cs
  artifactKey: Guid(ca431fd25c877134e8d09f9cd3003958) Importer(2089858483,192608db42251d675da83286b1cce702)
Start importing Assets/_Scripts/Player/camera.cs using Guid(ca431fd25c877134e8d09f9cd3003958) Importer(2089858483,192608db42251d675da83286b1cce702) (ScriptedImporter) -> (artifact id: '7fba815f495c8c3e5f7e39e1b4920084') in 0.0156371 seconds
Number of updated asset objects reloaded before import = 0Number of asset objects unloaded after import = 0

========================================================================
Received Import Request.
  Time since last request: 0.000024 seconds.
  path: Assets/objects/background/background_9.asset
  artifactKey: Guid(3637cbac4e645e2429ea6d17c2a851e0) Importer(2089858483,192608db42251d675da83286b1cce702)
Start importing Assets/objects/background/background_9.asset using Guid(3637cbac4e645e2429ea6d17c2a851e0) Importer(2089858483,192608db42251d675da83286b1cce702) (ScriptedImporter) -> (artifact id: '0427c58add12e227969b4e670fbf8a16') in 0.0179651 seconds
Number of updated asset objects reloaded before import = 0Number of asset objects unloaded after import = 2

========================================================================
Received Import Request.
  Time since last request: 0.000014 seconds.
  path: Assets/TextMesh Pro/Shaders/TMPro_Properties.cginc
  artifactKey: Guid(3997e2241185407d80309a82f9148466) Importer(2089858483,192608db42251d675da83286b1cce702)
Start importing Assets/TextMesh Pro/Shaders/TMPro_Properties.cginc using Guid(3997e2241185407d80309a82f9148466) Importer(2089858483,192608db42251d675da83286b1cce702) (ScriptedImporter) -> (artifact id: 'f541bf21ec8a6a8f2e4d3dad277ea0a9') in 0.0261385 seconds
Number of updated asset objects reloaded before import = 0Number of asset objects unloaded after import = 1

========================================================================
Received Import Request.
  Time since last request: 0.000018 seconds.
  path: Assets/objects/interactPoint.png
  artifactKey: Guid(eeea084fe30d81546aed9cd44abe16f2) Importer(2089858483,192608db42251d675da83286b1cce702)
Start importing Assets/objects/interactPoint.png using Guid(eeea084fe30d81546aed9cd44abe16f2) Importer(2089858483,192608db42251d675da83286b1cce702) (ScriptedImporter) -> (artifact id: 'b7177f702de6f1937239940828c5872a') in 0.0227547 seconds
Number of updated asset objects reloaded before import = 0Number of asset objects unloaded after import = 3

========================================================================
Received Import Request.
  Time since last request: 0.000018 seconds.
  path: Assets/_YK/_Picture/Layer Lab/GUI Pro-SurvivalClean/ResourcesData/Sprites/Components/Icon_PictoIcons(x2)/64/Icon_3D.Png
  artifactKey: Guid(6aeeadeee359247728014c5154554278) Importer(2089858483,192608db42251d675da83286b1cce702)
Start importing Assets/_YK/_Picture/Layer Lab/GUI Pro-SurvivalClean/ResourcesData/Sprites/Components/Icon_PictoIcons(x2)/64/Icon_3D.Png using Guid(6aeeadeee359247728014c5154554278) Importer(2089858483,192608db42251d675da83286b1cce702) (ScriptedImporter) -> (artifact id: '216f848fe9569aac7345e1f1badf6c15') in 0.0281838 seconds
Number of updated asset objects reloaded before import = 0Number of asset objects unloaded after import = 3

========================================================================
Received Import Request.
  Time since last request: 0.000027 seconds.
  path: Assets/_YK/_Picture/Layer Lab/GUI Pro-SurvivalClean/ResourcesData/Sprites/Components/Icon_PictoIcons(x2)/64/Icon_Airplane.Png
  artifactKey: Guid(1e89aae484732466384c44bc29527587) Importer(2089858483,192608db42251d675da83286b1cce702)
Start importing Assets/_YK/_Picture/Layer Lab/GUI Pro-SurvivalClean/ResourcesData/Sprites/Components/Icon_PictoIcons(x2)/64/Icon_Airplane.Png using Guid(1e89aae484732466384c44bc29527587) Importer(2089858483,192608db42251d675da83286b1cce702) (ScriptedImporter) -> (artifact id: 'd95bec13a8f648c4822732b5af3e2241') in 0.0238464 seconds
Number of updated asset objects reloaded before import = 0Number of asset objects unloaded after import = 3

========================================================================
Received Import Request.
  Time since last request: 0.000014 seconds.
  path: Assets/_YK/_Picture/Layer Lab/GUI Pro-SurvivalClean/ResourcesData/Sprites/Components/Icon_PictoIcons(x2)/64/Icon_Arena.Png
  artifactKey: Guid(c01a3389074594b4eb81483fbca43e4e) Importer(2089858483,192608db42251d675da83286b1cce702)
Start importing Assets/_YK/_Picture/Layer Lab/GUI Pro-SurvivalClean/ResourcesData/Sprites/Components/Icon_PictoIcons(x2)/64/Icon_Arena.Png using Guid(c01a3389074594b4eb81483fbca43e4e) Importer(2089858483,192608db42251d675da83286b1cce702) (ScriptedImporter) -> (artifact id: 'a1e4533d8a689d305c7b4055fa0222f2') in 0.023235 seconds
Number of updated asset objects reloaded before import = 0Number of asset objects unloaded after import = 3

========================================================================
Received Import Request.
  Time since last request: 0.000013 seconds.
  path: Assets/objects/background/background_36.asset
  artifactKey: Guid(c4cfe0fa4dfa5af449e8e130c1933ea5) Importer(2089858483,192608db42251d675da83286b1cce702)
Start importing Assets/objects/background/background_36.asset using Guid(c4cfe0fa4dfa5af449e8e130c1933ea5) Importer(2089858483,192608db42251d675da83286b1cce702) (ScriptedImporter) -> (artifact id: 'b3acafab764ee480ffbd3f065118c6f8') in 0.0169541 seconds
Number of updated asset objects reloaded before import = 0Number of asset objects unloaded after import = 2

========================================================================
Received Import Request.
  Time since last request: 0.000017 seconds.
  path: Assets/_YK/Animations/Animations/TextNoise.anim
  artifactKey: Guid(821b379ecedf3104d9a97ac13514afa4) Importer(2089858483,192608db42251d675da83286b1cce702)
Start importing Assets/_YK/Animations/Animations/TextNoise.anim using Guid(821b379ecedf3104d9a97ac13514afa4) Importer(2089858483,192608db42251d675da83286b1cce702) (ScriptedImporter) -> (artifact id: 'aba52ef935e281a3071798b18eb7bc6e') in 0.0233269 seconds
Number of updated asset objects reloaded before import = 0Number of asset objects unloaded after import = 1

========================================================================
Received Import Request.
  Time since last request: 0.000022 seconds.
  path: Assets/_YK/Intro.unity
  artifactKey: Guid(15fa3a1d1395d6c4d8478942c7058437) Importer(2089858483,192608db42251d675da83286b1cce702)
Start importing Assets/_YK/Intro.unity using Guid(15fa3a1d1395d6c4d8478942c7058437) Importer(2089858483,192608db42251d675da83286b1cce702) (ScriptedImporter) -> (artifact id: 'f2b3c7422433198e701d56d2b6611b7d') in 0.0221302 seconds
Number of updated asset objects reloaded before import = 0Number of asset objects unloaded after import = 1

========================================================================
Received Import Request.
  Time since last request: 0.000014 seconds.
  path: Assets/_YK/_Picture/Layer Lab/GUI Pro-SurvivalClean/ResourcesData/Sprites/Components/Icon_PictoIcons(x2)/64/Icon_Bag.Png
  artifactKey: Guid(bd939621a254a4ba2b70d13f9b805395) Importer(2089858483,192608db42251d675da83286b1cce702)
Start importing Assets/_YK/_Picture/Layer Lab/GUI Pro-SurvivalClean/ResourcesData/Sprites/Components/Icon_PictoIcons(x2)/64/Icon_Bag.Png using Guid(bd939621a254a4ba2b70d13f9b805395) Importer(2089858483,192608db42251d675da83286b1cce702) (ScriptedImporter) -> (artifact id: '3a664f92d4ffe6a5e4706c17e89b6eb1') in 0.0238509 seconds
Number of updated asset objects reloaded before import = 0Number of asset objects unloaded after import = 3

========================================================================
Received Import Request.
  Time since last request: 0.000014 seconds.
  path: Assets/_YK/_Picture/Layer Lab/GUI Pro-SurvivalClean/ResourcesData/Sprites/Components/Icon_PictoIcons(x2)/64/Icon_Arrow_Prev.Png
  artifactKey: Guid(7a96a891ff38242d6990be3230967985) Importer(2089858483,192608db42251d675da83286b1cce702)
Start importing Assets/_YK/_Picture/Layer Lab/GUI Pro-SurvivalClean/ResourcesData/Sprites/Components/Icon_PictoIcons(x2)/64/Icon_Arrow_Prev.Png using Guid(7a96a891ff38242d6990be3230967985) Importer(2089858483,192608db42251d675da83286b1cce702) (ScriptedImporter) -> (artifact id: 'cfc26a37afeb9598d07b857dc14c8830') in 0.0234563 seconds
Number of updated asset objects reloaded before import = 0Number of asset objects unloaded after import = 3

========================================================================
Received Import Request.
  Time since last request: 0.000016 seconds.
  path: Assets/_Scripts/Objects/vendingMachine/sequential.cs
  artifactKey: Guid(6b77801e3db7f4d46a5676b428564b6f) Importer(2089858483,192608db42251d675da83286b1cce702)
Start importing Assets/_Scripts/Objects/vendingMachine/sequential.cs using Guid(6b77801e3db7f4d46a5676b428564b6f) Importer(2089858483,192608db42251d675da83286b1cce702) (ScriptedImporter) -> (artifact id: '336d00651c14ef722c8d0d7972bbe15f') in 0.0149097 seconds
Number of updated asset objects reloaded before import = 0Number of asset objects unloaded after import = 0

========================================================================
Received Import Request.
  Time since last request: 0.000022 seconds.
  path: Assets/objects/background/background_21.asset
  artifactKey: Guid(2297b4bd2dded4f498910bc35650d881) Importer(2089858483,192608db42251d675da83286b1cce702)
Start importing Assets/objects/background/background_21.asset using Guid(2297b4bd2dded4f498910bc35650d881) Importer(2089858483,192608db42251d675da83286b1cce702) (ScriptedImporter) -> (artifact id: '7ba936022640573559450f66f2942586') in 0.0172109 seconds
Number of updated asset objects reloaded before import = 0Number of asset objects unloaded after import = 2

========================================================================
Received Import Request.
  Time since last request: 0.000015 seconds.
  path: Assets/TextMesh Pro/Shaders/SDFFunctions.hlsl
  artifactKey: Guid(96de908384869cd409c75efa351d5edf) Importer(2089858483,192608db42251d675da83286b1cce702)
Start importing Assets/TextMesh Pro/Shaders/SDFFunctions.hlsl using Guid(96de908384869cd409c75efa351d5edf) Importer(2089858483,192608db42251d675da83286b1cce702) (ScriptedImporter) -> (artifact id: '662439423b1868ebdefbcd0af47bb4b4') in 0.0143687 seconds
Number of updated asset objects reloaded before import = 0Number of asset objects unloaded after import = 1

========================================================================
Received Import Request.
  Time since last request: 0.000015 seconds.
  path: Assets/_YK/_Scripts/BlinkLight.cs
  artifactKey: Guid(c711959eeaf65e54087e23cbd8d5cb27) Importer(2089858483,192608db42251d675da83286b1cce702)
Start importing Assets/_YK/_Scripts/BlinkLight.cs using Guid(c711959eeaf65e54087e23cbd8d5cb27) Importer(2089858483,192608db42251d675da83286b1cce702) (ScriptedImporter) -> (artifact id: 'f57ed78d08320a68d020f4e66ea91a78') in 0.0134337 seconds
Number of updated asset objects reloaded before import = 0Number of asset objects unloaded after import = 0

========================================================================
Received Import Request.
  Time since last request: 0.000019 seconds.
  path: Assets/_YK/_Picture/Layer Lab/GUI Pro-SurvivalClean/ResourcesData/Sprites/Components/Icon_PictoIcons(x2)/64/Icon_Can.Png
  artifactKey: Guid(2ff1473b5b99c4e7eb19e28e7529a89e) Importer(2089858483,192608db42251d675da83286b1cce702)
Start importing Assets/_YK/_Picture/Layer Lab/GUI Pro-SurvivalClean/ResourcesData/Sprites/Components/Icon_PictoIcons(x2)/64/Icon_Can.Png using Guid(2ff1473b5b99c4e7eb19e28e7529a89e) Importer(2089858483,192608db42251d675da83286b1cce702) (ScriptedImporter) -> (artifact id: '09b7f814af2a8b9c3d9e9043ce38d76b') in 0.0257626 seconds
Number of updated asset objects reloaded before import = 0Number of asset objects unloaded after import = 3

========================================================================
Received Import Request.
  Time since last request: 0.000021 seconds.
  path: Assets/_YK/_Picture/Layer Lab/GUI Pro-SurvivalClean/ResourcesData/Sprites/Components/Icon_PictoIcons(x2)/64/Icon_Call.Png
  artifactKey: Guid(d2c2871ceb4b444498d96b1ac9bb0aa8) Importer(2089858483,192608db42251d675da83286b1cce702)
Start importing Assets/_YK/_Picture/Layer Lab/GUI Pro-SurvivalClean/ResourcesData/Sprites/Components/Icon_PictoIcons(x2)/64/Icon_Call.Png using Guid(d2c2871ceb4b444498d96b1ac9bb0aa8) Importer(2089858483,192608db42251d675da83286b1cce702) (ScriptedImporter) -> (artifact id: 'ccb2e76bdbd1b2ef159186294850e24f') in 0.0210956 seconds
Number of updated asset objects reloaded before import = 0Number of asset objects unloaded after import = 3

========================================================================
Received Import Request.
  Time since last request: 0.000016 seconds.
  path: Assets/_YK/_Picture/Layer Lab/GUI Pro-SurvivalClean/ResourcesData/Sprites/Components/Icon_PictoIcons(x2)/64/Icon_Check.Png
  artifactKey: Guid(e93afeaa2e6df4495a7051ef3da518bb) Importer(2089858483,192608db42251d675da83286b1cce702)
Start importing Assets/_YK/_Picture/Layer Lab/GUI Pro-SurvivalClean/ResourcesData/Sprites/Components/Icon_PictoIcons(x2)/64/Icon_Check.Png using Guid(e93afeaa2e6df4495a7051ef3da518bb) Importer(2089858483,192608db42251d675da83286b1cce702) (ScriptedImporter) -> (artifact id: '684fafbc6c6e585fe49a90da0f1173ff') in 0.0232106 seconds
Number of updated asset objects reloaded before import = 0Number of asset objects unloaded after import = 3

========================================================================
Received Import Request.
  Time since last request: 0.000012 seconds.
  path: Assets/_YK/_Picture/Layer Lab/GUI Pro-SurvivalClean/ResourcesData/Sprites/Components/Icon_PictoIcons(x2)/64/Icon_Badge.Png
  artifactKey: Guid(4b26ca5d73d4e46d08458402a536c514) Importer(2089858483,192608db42251d675da83286b1cce702)
Start importing Assets/_YK/_Picture/Layer Lab/GUI Pro-SurvivalClean/ResourcesData/Sprites/Components/Icon_PictoIcons(x2)/64/Icon_Badge.Png using Guid(4b26ca5d73d4e46d08458402a536c514) Importer(2089858483,192608db42251d675da83286b1cce702) (ScriptedImporter) -> (artifact id: '0611cfb6d8b68315f5af797dc1c195fb') in 0.0228481 seconds
Number of updated asset objects reloaded before import = 0Number of asset objects unloaded after import = 3

========================================================================
Received Import Request.
  Time since last request: 0.000021 seconds.
  path: Assets/TextMesh Pro/Shaders/TMP_SDF-Mobile-2-Pass.shader
  artifactKey: Guid(0178fcb869bafef4690d177d31d17db8) Importer(2089858483,192608db42251d675da83286b1cce702)
Start importing Assets/TextMesh Pro/Shaders/TMP_SDF-Mobile-2-Pass.shader using Guid(0178fcb869bafef4690d177d31d17db8) Importer(2089858483,192608db42251d675da83286b1cce702) (ScriptedImporter) -> (artifact id: 'f4da7d313edee067fa0fe5fc162b925f') in 0.0155441 seconds
Number of updated asset objects reloaded before import = 0Number of asset objects unloaded after import = 1

========================================================================
Received Import Request.
  Time since last request: 0.000021 seconds.
  path: Assets/objects/background/background_30.asset
  artifactKey: Guid(dd2de1441eb40aa4c96c6daa80b17079) Importer(2089858483,192608db42251d675da83286b1cce702)
Start importing Assets/objects/background/background_30.asset using Guid(dd2de1441eb40aa4c96c6daa80b17079) Importer(2089858483,192608db42251d675da83286b1cce702) (ScriptedImporter) -> (artifact id: '68128a5bf780d8875c5f89d1f6489d23') in 0.019782 seconds
Number of updated asset objects reloaded before import = 0Number of asset objects unloaded after import = 2

========================================================================
Received Import Request.
  Time since last request: 0.000018 seconds.
  path: Assets/_YK/_Picture/Layer Lab/GUI Pro-SurvivalClean/ResourcesData/Sprites/Components/Icon_PictoIcons(x2)/64/Icon_Diamond.Png
  artifactKey: Guid(ec71f7bc98561412594e42ba0a368a7b) Importer(2089858483,192608db42251d675da83286b1cce702)
Start importing Assets/_YK/_Picture/Layer Lab/GUI Pro-SurvivalClean/ResourcesData/Sprites/Components/Icon_PictoIcons(x2)/64/Icon_Diamond.Png using Guid(ec71f7bc98561412594e42ba0a368a7b) Importer(2089858483,192608db42251d675da83286b1cce702) (ScriptedImporter) -> (artifact id: 'ca2cfd3271ad957ffa1a8c0512d6f3c1') in 0.0263753 seconds
Number of updated asset objects reloaded before import = 0Number of asset objects unloaded after import = 3

========================================================================
Received Import Request.
  Time since last request: 0.000014 seconds.
  path: Assets/_YK/_Picture/Layer Lab/GUI Pro-SurvivalClean/ResourcesData/Sprites/Components/Icon_PictoIcons(x2)/64/Icon_Crown_0.Png
  artifactKey: Guid(44fe59cbf6cf04a21807f7fda02b0dfd) Importer(2089858483,192608db42251d675da83286b1cce702)
Start importing Assets/_YK/_Picture/Layer Lab/GUI Pro-SurvivalClean/ResourcesData/Sprites/Components/Icon_PictoIcons(x2)/64/Icon_Crown_0.Png using Guid(44fe59cbf6cf04a21807f7fda02b0dfd) Importer(2089858483,192608db42251d675da83286b1cce702) (ScriptedImporter) -> (artifact id: '54f77dd29357103694072e1e05dcda05') in 0.0221461 seconds
Number of updated asset objects reloaded before import = 0Number of asset objects unloaded after import = 3

========================================================================
Received Import Request.
  Time since last request: 0.000018 seconds.
  path: Assets/_YK/_Picture/Layer Lab/GUI Pro-SurvivalClean/ResourcesData/Sprites/Components/Icon_PictoIcons(x2)/64/Icon_Feather.Png
  artifactKey: Guid(35c062452e1d64f9eb5f6df6d367abcb) Importer(2089858483,192608db42251d675da83286b1cce702)
Start importing Assets/_YK/_Picture/Layer Lab/GUI Pro-SurvivalClean/ResourcesData/Sprites/Components/Icon_PictoIcons(x2)/64/Icon_Feather.Png using Guid(35c062452e1d64f9eb5f6df6d367abcb) Importer(2089858483,192608db42251d675da83286b1cce702) (ScriptedImporter) -> (artifact id: '2e74645eb493fd5427d4f8024eb8a67d') in 0.0223547 seconds
Number of updated asset objects reloaded before import = 0Number of asset objects unloaded after import = 3

========================================================================
Received Import Request.
  Time since last request: 0.000028 seconds.
  path: Assets/_YK/_Picture/Layer Lab/GUI Pro-SurvivalClean/ResourcesData/Sprites/Components/Icon_PictoIcons(x2)/64/Icon_Fire.Png
  artifactKey: Guid(2e35c2a45511d4f0989ad7b6410ab95a) Importer(2089858483,192608db42251d675da83286b1cce702)
Start importing Assets/_YK/_Picture/Layer Lab/GUI Pro-SurvivalClean/ResourcesData/Sprites/Components/Icon_PictoIcons(x2)/64/Icon_Fire.Png using Guid(2e35c2a45511d4f0989ad7b6410ab95a) Importer(2089858483,192608db42251d675da83286b1cce702) (ScriptedImporter) -> (artifact id: 'ada5afcf8168b5506d15d16eccba6264') in 0.0245905 seconds
Number of updated asset objects reloaded before import = 0Number of asset objects unloaded after import = 3

========================================================================
Received Import Request.
  Time since last request: 0.000016 seconds.
  path: Assets/TextMesh Pro/Shaders/TMP_SDF-HDRP UNLIT.shadergraph
  artifactKey: Guid(f63d574838ccfb44f84acc05fed0af48) Importer(2089858483,192608db42251d675da83286b1cce702)
Start importing Assets/TextMesh Pro/Shaders/TMP_SDF-HDRP UNLIT.shadergraph using Guid(f63d574838ccfb44f84acc05fed0af48) Importer(2089858483,192608db42251d675da83286b1cce702) (ScriptedImporter) -> (artifact id: 'dc105e80b478fb7afdfcd19ec4a74598') in 0.0205555 seconds
Number of updated asset objects reloaded before import = 0Number of asset objects unloaded after import = 3

========================================================================
Received Import Request.
  Time since last request: 0.000012 seconds.
  path: Assets/TextMesh Pro/Shaders/TMP_Sprite.shader
  artifactKey: Guid(cf81c85f95fe47e1a27f6ae460cf182c) Importer(2089858483,192608db42251d675da83286b1cce702)
Start importing Assets/TextMesh Pro/Shaders/TMP_Sprite.shader using Guid(cf81c85f95fe47e1a27f6ae460cf182c) Importer(2089858483,192608db42251d675da83286b1cce702) (ScriptedImporter) -> (artifact id: '00d7d009419cccf0da889c3745a9d8a9') in 0.0163933 seconds
Number of updated asset objects reloaded before import = 0Number of asset objects unloaded after import = 1

========================================================================
Received Import Request.
  Time since last request: 0.000015 seconds.
  path: Assets/_YK/_Picture/Layer Lab/GUI Pro-SurvivalClean/ResourcesData/Sprites/Components/Icon_PictoIcons(x2)/64/Icon_Grenade_1.Png
  artifactKey: Guid(77ea13923e1074d0e928e45176023ba0) Importer(2089858483,192608db42251d675da83286b1cce702)
Start importing Assets/_YK/_Picture/Layer Lab/GUI Pro-SurvivalClean/ResourcesData/Sprites/Components/Icon_PictoIcons(x2)/64/Icon_Grenade_1.Png using Guid(77ea13923e1074d0e928e45176023ba0) Importer(2089858483,192608db42251d675da83286b1cce702) (ScriptedImporter) -> (artifact id: '26bc7f7ae2a29dc350ab07ba616ad176') in 0.0227658 seconds
Number of updated asset objects reloaded before import = 0Number of asset objects unloaded after import = 3

========================================================================
Received Import Request.
  Time since last request: 0.000020 seconds.
  path: Assets/_YK/_Picture/Layer Lab/GUI Pro-SurvivalClean/ResourcesData/Sprites/Components/Icon_PictoIcons(x2)/64/Icon_Flag_1.Png
  artifactKey: Guid(840789f5e7eba4e6897a2a287dbe4870) Importer(2089858483,192608db42251d675da83286b1cce702)
Start importing Assets/_YK/_Picture/Layer Lab/GUI Pro-SurvivalClean/ResourcesData/Sprites/Components/Icon_PictoIcons(x2)/64/Icon_Flag_1.Png using Guid(840789f5e7eba4e6897a2a287dbe4870) Importer(2089858483,192608db42251d675da83286b1cce702) (ScriptedImporter) -> (artifact id: '88c529ebed3ede00c32ffec192789147') in 0.0276798 seconds
Number of updated asset objects reloaded before import = 0Number of asset objects unloaded after import = 3

========================================================================
Received Import Request.
  Time since last request: 0.000015 seconds.
  path: Assets/_YK/_Picture/Layer Lab/GUI Pro-SurvivalClean/ResourcesData/Sprites/Components/Icon_PictoIcons(x2)/64/Icon_Go_Out.Png
  artifactKey: Guid(bae99ffeadad54969ad9eeea0667fea8) Importer(2089858483,192608db42251d675da83286b1cce702)
Start importing Assets/_YK/_Picture/Layer Lab/GUI Pro-SurvivalClean/ResourcesData/Sprites/Components/Icon_PictoIcons(x2)/64/Icon_Go_Out.Png using Guid(bae99ffeadad54969ad9eeea0667fea8) Importer(2089858483,192608db42251d675da83286b1cce702) (ScriptedImporter) -> (artifact id: '56fb5a203abedb406fcd58882b4fb331') in 0.0256899 seconds
Number of updated asset objects reloaded before import = 0Number of asset objects unloaded after import = 3

========================================================================
Received Import Request.
  Time since last request: 0.000015 seconds.
  path: Assets/objects/background/normal_vending.png
  artifactKey: Guid(f1ffe9783883d5d4d924618b2eb0cfee) Importer(2089858483,192608db42251d675da83286b1cce702)
Start importing Assets/objects/background/normal_vending.png using Guid(f1ffe9783883d5d4d924618b2eb0cfee) Importer(2089858483,192608db42251d675da83286b1cce702) (ScriptedImporter) -> (artifact id: '295828ee213399e4bc7a77b3def09490') in 0.0241885 seconds
Number of updated asset objects reloaded before import = 0Number of asset objects unloaded after import = 3

========================================================================
Received Import Request.
  Time since last request: 0.000018 seconds.
  path: Assets/_YK/_Picture/Layer Lab/GUI Pro-SurvivalClean/ResourcesData/Sprites/Components/Icon_PictoIcons(x2)/64/Icon_Folder_Save.Png
  artifactKey: Guid(57ab1d8b74c004b0da4a63eb73f89a7f) Importer(2089858483,192608db42251d675da83286b1cce702)
Start importing Assets/_YK/_Picture/Layer Lab/GUI Pro-SurvivalClean/ResourcesData/Sprites/Components/Icon_PictoIcons(x2)/64/Icon_Folder_Save.Png using Guid(57ab1d8b74c004b0da4a63eb73f89a7f) Importer(2089858483,192608db42251d675da83286b1cce702) (ScriptedImporter) -> (artifact id: 'cdacd2347a52e58840fe3c6bd78d5d1a') in 0.0257656 seconds
Number of updated asset objects reloaded before import = 0Number of asset objects unloaded after import = 3

========================================================================
Received Import Request.
  Time since last request: 0.000021 seconds.
  path: Assets/_YK/_Picture/Layer Lab/GUI Pro-SurvivalClean/ResourcesData/Sprites/Components/Icon_PictoIcons(x2)/64/Icon_Dice.Png
  artifactKey: Guid(f808d857402864e848562b848146e23c) Importer(2089858483,192608db42251d675da83286b1cce702)
Start importing Assets/_YK/_Picture/Layer Lab/GUI Pro-SurvivalClean/ResourcesData/Sprites/Components/Icon_PictoIcons(x2)/64/Icon_Dice.Png using Guid(f808d857402864e848562b848146e23c) Importer(2089858483,192608db42251d675da83286b1cce702) (ScriptedImporter) -> (artifact id: 'c75fe3303f747bb6ef2816ca4ec9ac57') in 0.021283 seconds
Number of updated asset objects reloaded before import = 0Number of asset objects unloaded after import = 3

========================================================================
Received Import Request.
  Time since last request: 0.000015 seconds.
  path: Assets/_YK/_Picture/Layer Lab/GUI Pro-SurvivalClean/ResourcesData/Sprites/Components/Icon_PictoIcons(x2)/64/Icon_Knife_1.Png
  artifactKey: Guid(7f4776d0f79cc4926b32cede06142fa2) Importer(2089858483,192608db42251d675da83286b1cce702)
Start importing Assets/_YK/_Picture/Layer Lab/GUI Pro-SurvivalClean/ResourcesData/Sprites/Components/Icon_PictoIcons(x2)/64/Icon_Knife_1.Png using Guid(7f4776d0f79cc4926b32cede06142fa2) Importer(2089858483,192608db42251d675da83286b1cce702) (ScriptedImporter) -> (artifact id: '1306b92286c407f9541b836f7b77b3d2') in 0.0236805 seconds
Number of updated asset objects reloaded before import = 0Number of asset objects unloaded after import = 3

========================================================================
Received Import Request.
  Time since last request: 0.000013 seconds.
  path: Assets/_YK/_Picture/Layer Lab/GUI Pro-SurvivalClean/ResourcesData/Sprites/Components/Icon_PictoIcons(x2)/64/Icon_Life.Png
  artifactKey: Guid(97a2eea3a6ed64cce8d10afdbe701e87) Importer(2089858483,192608db42251d675da83286b1cce702)
Start importing Assets/_YK/_Picture/Layer Lab/GUI Pro-SurvivalClean/ResourcesData/Sprites/Components/Icon_PictoIcons(x2)/64/Icon_Life.Png using Guid(97a2eea3a6ed64cce8d10afdbe701e87) Importer(2089858483,192608db42251d675da83286b1cce702) (ScriptedImporter) -> (artifact id: '27bac112473b9d446e374ad41ded589a') in 0.0273982 seconds
Number of updated asset objects reloaded before import = 0Number of asset objects unloaded after import = 3

========================================================================
Received Import Request.
  Time since last request: 0.000016 seconds.
  path: Assets/_YK/_Picture/Layer Lab/GUI Pro-SurvivalClean/ResourcesData/Sprites/Components/Icon_PictoIcons(x2)/64/Icon_Layer.Png
  artifactKey: Guid(fa58eff2de4b04e309c22a51444a9e07) Importer(2089858483,192608db42251d675da83286b1cce702)
Start importing Assets/_YK/_Picture/Layer Lab/GUI Pro-SurvivalClean/ResourcesData/Sprites/Components/Icon_PictoIcons(x2)/64/Icon_Layer.Png using Guid(fa58eff2de4b04e309c22a51444a9e07) Importer(2089858483,192608db42251d675da83286b1cce702) (ScriptedImporter) -> (artifact id: 'c24711ed51d061e8010cc3e44c852fad') in 0.0228451 seconds
Number of updated asset objects reloaded before import = 0Number of asset objects unloaded after import = 3

========================================================================
Received Import Request.
  Time since last request: 0.000017 seconds.
  path: Assets/_YK/_Picture/Layer Lab/GUI Pro-SurvivalClean/ResourcesData/Sprites/Components/Icon_PictoIcons(x2)/64/Icon_Fix.Png
  artifactKey: Guid(26644ce6751dd4196a780ee0612785fd) Importer(2089858483,192608db42251d675da83286b1cce702)
Start importing Assets/_YK/_Picture/Layer Lab/GUI Pro-SurvivalClean/ResourcesData/Sprites/Components/Icon_PictoIcons(x2)/64/Icon_Fix.Png using Guid(26644ce6751dd4196a780ee0612785fd) Importer(2089858483,192608db42251d675da83286b1cce702) (ScriptedImporter) -> (artifact id: '35ed7e5a98c37277d50c0b59aac24e31') in 0.0193329 seconds
Number of updated asset objects reloaded before import = 0Number of asset objects unloaded after import = 3

========================================================================
Received Import Request.
  Time since last request: 0.000014 seconds.
  path: Assets/_YK/_Picture/Layer Lab/GUI Pro-SurvivalClean/ResourcesData/Sprites/Components/Icon_PictoIcons(x2)/64/Icon_Campfire.Png
  artifactKey: Guid(64d36b230ff43453cb59caefd1d1e1f0) Importer(2089858483,192608db42251d675da83286b1cce702)
Start importing Assets/_YK/_Picture/Layer Lab/GUI Pro-SurvivalClean/ResourcesData/Sprites/Components/Icon_PictoIcons(x2)/64/Icon_Campfire.Png using Guid(64d36b230ff43453cb59caefd1d1e1f0) Importer(2089858483,192608db42251d675da83286b1cce702) (ScriptedImporter) -> (artifact id: 'b3e6fa4cb27c7d9d95dc48fe80a3891c') in 0.0273675 seconds
Number of updated asset objects reloaded before import = 0Number of asset objects unloaded after import = 3

========================================================================
Received Import Request.
  Time since last request: 0.000012 seconds.
  path: Assets/_YK/_Picture/Layer Lab/GUI Pro-SurvivalClean/ResourcesData/Sprites/Components/Icon_PictoIcons(x2)/64/Icon_Map_0.Png
  artifactKey: Guid(a6ab31239c93b4bcba76d6d783eb9c63) Importer(2089858483,192608db42251d675da83286b1cce702)
Start importing Assets/_YK/_Picture/Layer Lab/GUI Pro-SurvivalClean/ResourcesData/Sprites/Components/Icon_PictoIcons(x2)/64/Icon_Map_0.Png using Guid(a6ab31239c93b4bcba76d6d783eb9c63) Importer(2089858483,192608db42251d675da83286b1cce702) (ScriptedImporter) -> (artifact id: 'e9251be97711447bd55fc12bcf836858') in 0.0263813 seconds
Number of updated asset objects reloaded before import = 0Number of asset objects unloaded after import = 3

========================================================================
Received Import Request.
  Time since last request: 0.000014 seconds.
  path: Assets/_YK/_Picture/Layer Lab/GUI Pro-SurvivalClean/ResourcesData/Sprites/Components/Icon_PictoIcons(x2)/64/Icon_Mic_Off.Png
  artifactKey: Guid(af59274453c244882bf2242d6feae992) Importer(2089858483,192608db42251d675da83286b1cce702)
Start importing Assets/_YK/_Picture/Layer Lab/GUI Pro-SurvivalClean/ResourcesData/Sprites/Components/Icon_PictoIcons(x2)/64/Icon_Mic_Off.Png using Guid(af59274453c244882bf2242d6feae992) Importer(2089858483,192608db42251d675da83286b1cce702) (ScriptedImporter) -> (artifact id: '805054a6ee43e3bac35d9a31cbd4c8cc') in 0.0234863 seconds
Number of updated asset objects reloaded before import = 0Number of asset objects unloaded after import = 3

========================================================================
Received Import Request.
  Time since last request: 0.000037 seconds.
  path: Assets/_YK/_Picture/Layer Lab/GUI Pro-SurvivalClean/ResourcesData/Sprites/Components/Icon_PictoIcons(x2)/64/Icon_Message.Png
  artifactKey: Guid(fc25b53b2a3f9423bab22f26a9d4cae5) Importer(2089858483,192608db42251d675da83286b1cce702)
Start importing Assets/_YK/_Picture/Layer Lab/GUI Pro-SurvivalClean/ResourcesData/Sprites/Components/Icon_PictoIcons(x2)/64/Icon_Message.Png using Guid(fc25b53b2a3f9423bab22f26a9d4cae5) Importer(2089858483,192608db42251d675da83286b1cce702) (ScriptedImporter) -> (artifact id: 'f6cc3fc1bd17f29a69150a557120758c') in 0.0229162 seconds
Number of updated asset objects reloaded before import = 0Number of asset objects unloaded after import = 3

========================================================================
Received Import Request.
  Time since last request: 0.000015 seconds.
  path: Assets/_YK/_Picture/Layer Lab/GUI Pro-SurvivalClean/ResourcesData/Sprites/Components/Icon_PictoIcons(x2)/64/Icon_Music_Mute.Png
  artifactKey: Guid(f8e54a80bf72340218d16949d75052f0) Importer(2089858483,192608db42251d675da83286b1cce702)
Start importing Assets/_YK/_Picture/Layer Lab/GUI Pro-SurvivalClean/ResourcesData/Sprites/Components/Icon_PictoIcons(x2)/64/Icon_Music_Mute.Png using Guid(f8e54a80bf72340218d16949d75052f0) Importer(2089858483,192608db42251d675da83286b1cce702) (ScriptedImporter) -> (artifact id: '07f9f5a0d912eeef09cb18133d63cb7f') in 0.0216016 seconds
Number of updated asset objects reloaded before import = 0Number of asset objects unloaded after import = 3

========================================================================
Received Import Request.
  Time since last request: 0.000018 seconds.
  path: Assets/_YK/_Picture/Layer Lab/GUI Pro-SurvivalClean/ResourcesData/Sprites/Components/Icon_PictoIcons(x2)/64/Icon_Night.Png
  artifactKey: Guid(605c73734428140ee8c7d4f9348c27bf) Importer(2089858483,192608db42251d675da83286b1cce702)
Start importing Assets/_YK/_Picture/Layer Lab/GUI Pro-SurvivalClean/ResourcesData/Sprites/Components/Icon_PictoIcons(x2)/64/Icon_Night.Png using Guid(605c73734428140ee8c7d4f9348c27bf) Importer(2089858483,192608db42251d675da83286b1cce702) (ScriptedImporter) -> (artifact id: '57f47076c477945308327d3875353a4b') in 0.04556 seconds
Number of updated asset objects reloaded before import = 0Number of asset objects unloaded after import = 3

========================================================================
Received Import Request.
  Time since last request: 0.000015 seconds.
  path: Assets/_YK/_Picture/Layer Lab/GUI Pro-SurvivalClean/ResourcesData/Sprites/Components/Icon_PictoIcons(x2)/64/Icon_Emoji_Smile.Png
  artifactKey: Guid(0c2954c07eb834b03ae8beb47e7c9e07) Importer(2089858483,192608db42251d675da83286b1cce702)
Start importing Assets/_YK/_Picture/Layer Lab/GUI Pro-SurvivalClean/ResourcesData/Sprites/Components/Icon_PictoIcons(x2)/64/Icon_Emoji_Smile.Png using Guid(0c2954c07eb834b03ae8beb47e7c9e07) Importer(2089858483,192608db42251d675da83286b1cce702) (ScriptedImporter) -> (artifact id: '3ca91cfe4be932fcc21f34e9baa3a4af') in 0.0252558 seconds
Number of updated asset objects reloaded before import = 0Number of asset objects unloaded after import = 3

========================================================================
Received Import Request.
  Time since last request: 0.000023 seconds.
  path: Assets/_YK/_Picture/Layer Lab/GUI Pro-SurvivalClean/ResourcesData/Sprites/Components/Icon_PictoIcons(x2)/64/Icon_Pause_1.Png
  artifactKey: Guid(69d5388c4990b4e4ca45e5a543dd00a7) Importer(2089858483,192608db42251d675da83286b1cce702)
Start importing Assets/_YK/_Picture/Layer Lab/GUI Pro-SurvivalClean/ResourcesData/Sprites/Components/Icon_PictoIcons(x2)/64/Icon_Pause_1.Png using Guid(69d5388c4990b4e4ca45e5a543dd00a7) Importer(2089858483,192608db42251d675da83286b1cce702) (ScriptedImporter) -> (artifact id: '99e027da6f05b516fb4d3cc7db6c3737') in 0.0207598 seconds
Number of updated asset objects reloaded before import = 0Number of asset objects unloaded after import = 3

========================================================================
Received Import Request.
  Time since last request: 0.000012 seconds.
  path: Assets/_YK/_Picture/Layer Lab/GUI Pro-SurvivalClean/ResourcesData/Sprites/Components/Icon_PictoIcons(x2)/64/Icon_Puzzle.Png
  artifactKey: Guid(950be2de43ffd48b4861030f6544cfce) Importer(2089858483,192608db42251d675da83286b1cce702)
Start importing Assets/_YK/_Picture/Layer Lab/GUI Pro-SurvivalClean/ResourcesData/Sprites/Components/Icon_PictoIcons(x2)/64/Icon_Puzzle.Png using Guid(950be2de43ffd48b4861030f6544cfce) Importer(2089858483,192608db42251d675da83286b1cce702) (ScriptedImporter) -> (artifact id: 'c65ba23b899ffba00dc3870906f6cebe') in 0.0247689 seconds
Number of updated asset objects reloaded before import = 0Number of asset objects unloaded after import = 3

========================================================================
Received Import Request.
  Time since last request: 0.000015 seconds.
  path: Assets/_YK/_Picture/Layer Lab/GUI Pro-SurvivalClean/ResourcesData/Sprites/Components/Icon_PictoIcons(x2)/64/Icon_Reload.Png
  artifactKey: Guid(c2c52cac74f7a420dbe085772df5cb0b) Importer(2089858483,192608db42251d675da83286b1cce702)
Start importing Assets/_YK/_Picture/Layer Lab/GUI Pro-SurvivalClean/ResourcesData/Sprites/Components/Icon_PictoIcons(x2)/64/Icon_Reload.Png using Guid(c2c52cac74f7a420dbe085772df5cb0b) Importer(2089858483,192608db42251d675da83286b1cce702) (ScriptedImporter) -> (artifact id: '7ed72ddacb94aee3ff419fdbd3dc4904') in 0.021207 seconds
Number of updated asset objects reloaded before import = 0Number of asset objects unloaded after import = 3

========================================================================
Received Import Request.
  Time since last request: 0.000015 seconds.
  path: Assets/_YK/_Picture/Layer Lab/GUI Pro-SurvivalClean/ResourcesData/Sprites/Components/Icon_PictoIcons(x2)/64/Icon_Rotate.Png
  artifactKey: Guid(b02d3ce589276448da01bfaac6be6350) Importer(2089858483,192608db42251d675da83286b1cce702)
Start importing Assets/_YK/_Picture/Layer Lab/GUI Pro-SurvivalClean/ResourcesData/Sprites/Components/Icon_PictoIcons(x2)/64/Icon_Rotate.Png using Guid(b02d3ce589276448da01bfaac6be6350) Importer(2089858483,192608db42251d675da83286b1cce702) (ScriptedImporter) -> (artifact id: 'eea12a568adf4a1a4fd22ec5099c3307') in 0.0215168 seconds
Number of updated asset objects reloaded before import = 0Number of asset objects unloaded after import = 3

========================================================================
Received Import Request.
  Time since last request: 0.000018 seconds.
  path: Assets/_YK/_Picture/Layer Lab/GUI Pro-SurvivalClean/ResourcesData/Sprites/Components/Icon_PictoIcons(x2)/64/Icon_Settings.Png
  artifactKey: Guid(000adf7aec1754775a5ef98d1c67de61) Importer(2089858483,192608db42251d675da83286b1cce702)
Start importing Assets/_YK/_Picture/Layer Lab/GUI Pro-SurvivalClean/ResourcesData/Sprites/Components/Icon_PictoIcons(x2)/64/Icon_Settings.Png using Guid(000adf7aec1754775a5ef98d1c67de61) Importer(2089858483,192608db42251d675da83286b1cce702) (ScriptedImporter) -> (artifact id: 'c219bf0b198551ba248514bd6d6d271c') in 0.0209035 seconds
Number of updated asset objects reloaded before import = 0Number of asset objects unloaded after import = 3

========================================================================
Received Import Request.
  Time since last request: 0.000013 seconds.
  path: Assets/_YK/_Picture/Layer Lab/GUI Pro-SurvivalClean/ResourcesData/Sprites/Components/Icon_PictoIcons(x2)/64/Icon_Save.Png
  artifactKey: Guid(163a34a5121084dd4a34461dbf053910) Importer(2089858483,192608db42251d675da83286b1cce702)
Start importing Assets/_YK/_Picture/Layer Lab/GUI Pro-SurvivalClean/ResourcesData/Sprites/Components/Icon_PictoIcons(x2)/64/Icon_Save.Png using Guid(163a34a5121084dd4a34461dbf053910) Importer(2089858483,192608db42251d675da83286b1cce702) (ScriptedImporter) -> (artifact id: 'b49ee1959a5bd155e54158ad18900256') in 0.0234463 seconds
Number of updated asset objects reloaded before import = 0Number of asset objects unloaded after import = 3

========================================================================
Received Import Request.
  Time since last request: 0.000012 seconds.
  path: Assets/_YK/_Picture/Layer Lab/GUI Pro-SurvivalClean/ResourcesData/Sprites/Components/Icon_PictoIcons(x2)/64/Icon_Music.Png
  artifactKey: Guid(0b4c0de9d0f8c4bf5a7fef74e409b2dc) Importer(2089858483,192608db42251d675da83286b1cce702)
Start importing Assets/_YK/_Picture/Layer Lab/GUI Pro-SurvivalClean/ResourcesData/Sprites/Components/Icon_PictoIcons(x2)/64/Icon_Music.Png using Guid(0b4c0de9d0f8c4bf5a7fef74e409b2dc) Importer(2089858483,192608db42251d675da83286b1cce702) (ScriptedImporter) -> (artifact id: '2a14b3fa29855c05f80bcfb84467e13e') in 0.0252258 seconds
Number of updated asset objects reloaded before import = 0Number of asset objects unloaded after import = 3

========================================================================
Received Import Request.
  Time since last request: 0.000020 seconds.
  path: Assets/_YK/_Picture/Layer Lab/GUI Pro-SurvivalClean/ResourcesData/Sprites/Components/Icon_PictoIcons(x2)/64/Icon_Time.Png
  artifactKey: Guid(18fee10ad89ef499a8883b63c2f985f2) Importer(2089858483,192608db42251d675da83286b1cce702)
Start importing Assets/_YK/_Picture/Layer Lab/GUI Pro-SurvivalClean/ResourcesData/Sprites/Components/Icon_PictoIcons(x2)/64/Icon_Time.Png using Guid(18fee10ad89ef499a8883b63c2f985f2) Importer(2089858483,192608db42251d675da83286b1cce702) (ScriptedImporter) -> (artifact id: '25d5079527c6a10d7160eda7f76dbf12') in 0.0243 seconds
Number of updated asset objects reloaded before import = 0Number of asset objects unloaded after import = 3

========================================================================
Received Import Request.
  Time since last request: 0.000026 seconds.
  path: Assets/_YK/_Picture/Layer Lab/GUI Pro-SurvivalClean/ResourcesData/Sprites/Components/Icon_PictoIcons(x2)/64/Icon_Tag.Png
  artifactKey: Guid(31765ff94e9c8406ab6631d1963f8459) Importer(2089858483,192608db42251d675da83286b1cce702)
Start importing Assets/_YK/_Picture/Layer Lab/GUI Pro-SurvivalClean/ResourcesData/Sprites/Components/Icon_PictoIcons(x2)/64/Icon_Tag.Png using Guid(31765ff94e9c8406ab6631d1963f8459) Importer(2089858483,192608db42251d675da83286b1cce702) (ScriptedImporter) -> (artifact id: '1d8e32b725a74711db982cad73bd324a') in 0.0217164 seconds
Number of updated asset objects reloaded before import = 0Number of asset objects unloaded after import = 3

========================================================================
Received Import Request.
  Time since last request: 0.000016 seconds.
  path: Assets/_YK/_Picture/Layer Lab/GUI Pro-SurvivalClean/ResourcesData/Sprites/Components/Icon_PictoIcons(x2)/64/Icon_Tent.Png
  artifactKey: Guid(2c72d7ca723f84ac7b23b16512356e7d) Importer(2089858483,192608db42251d675da83286b1cce702)
Start importing Assets/_YK/_Picture/Layer Lab/GUI Pro-SurvivalClean/ResourcesData/Sprites/Components/Icon_PictoIcons(x2)/64/Icon_Tent.Png using Guid(2c72d7ca723f84ac7b23b16512356e7d) Importer(2089858483,192608db42251d675da83286b1cce702) (ScriptedImporter) -> (artifact id: '1558b5eb860cf00560bf2fc344d27f9a') in 0.0236145 seconds
Number of updated asset objects reloaded before import = 0Number of asset objects unloaded after import = 3

========================================================================
Received Import Request.
  Time since last request: 0.000013 seconds.
  path: Assets/_YK/_Picture/Layer Lab/GUI Pro-SurvivalClean/ResourcesData/Sprites/Components/Icon_PictoIcons(x2)/64/Icon_Timer.Png
  artifactKey: Guid(d248b5bad1ee44ba995937207a4c5a23) Importer(2089858483,192608db42251d675da83286b1cce702)
Start importing Assets/_YK/_Picture/Layer Lab/GUI Pro-SurvivalClean/ResourcesData/Sprites/Components/Icon_PictoIcons(x2)/64/Icon_Timer.Png using Guid(d248b5bad1ee44ba995937207a4c5a23) Importer(2089858483,192608db42251d675da83286b1cce702) (ScriptedImporter) -> (artifact id: 'b076c882a700254c72583a854c528c8d') in 0.0236048 seconds
Number of updated asset objects reloaded before import = 0Number of asset objects unloaded after import = 3

========================================================================
Received Import Request.
  Time since last request: 0.000018 seconds.
  path: Assets/_YK/_Picture/Layer Lab/GUI Pro-SurvivalClean/ResourcesData/Sprites/Components/Icon_PictoIcons(x2)/64/Icon_Voice.Png
  artifactKey: Guid(fe62327db6c9040e0bd868b2beac4674) Importer(2089858483,192608db42251d675da83286b1cce702)
Start importing Assets/_YK/_Picture/Layer Lab/GUI Pro-SurvivalClean/ResourcesData/Sprites/Components/Icon_PictoIcons(x2)/64/Icon_Voice.Png using Guid(fe62327db6c9040e0bd868b2beac4674) Importer(2089858483,192608db42251d675da83286b1cce702) (ScriptedImporter) -> (artifact id: '9a08013e1c0e4fafe47c4f9ed75efb58') in 0.0280322 seconds
Number of updated asset objects reloaded before import = 0Number of asset objects unloaded after import = 3

========================================================================
Received Import Request.
  Time since last request: 0.000021 seconds.
  path: Assets/_YK/_Picture/Layer Lab/GUI Pro-SurvivalClean/ResourcesData/Sprites/Components/Icon_PictoIcons(x2)/64/Icon_Card.Png
  artifactKey: Guid(0082198af801842be84138f830322bdf) Importer(2089858483,192608db42251d675da83286b1cce702)
Start importing Assets/_YK/_Picture/Layer Lab/GUI Pro-SurvivalClean/ResourcesData/Sprites/Components/Icon_PictoIcons(x2)/64/Icon_Card.Png using Guid(0082198af801842be84138f830322bdf) Importer(2089858483,192608db42251d675da83286b1cce702) (ScriptedImporter) -> (artifact id: '24957dda8a0894b2eb168060b2408980') in 0.0224868 seconds
Number of updated asset objects reloaded before import = 0Number of asset objects unloaded after import = 3

========================================================================
Received Import Request.
  Time since last request: 0.000018 seconds.
  path: Assets/_YK/_Picture/Layer Lab/GUI Pro-SurvivalClean/ResourcesData/Sprites/Components/Icon_PictoIcons(x2)/64/Icon_Wifi_Off.Png
  artifactKey: Guid(eea58ea49260b4e0280a8f2144233d97) Importer(2089858483,192608db42251d675da83286b1cce702)
Start importing Assets/_YK/_Picture/Layer Lab/GUI Pro-SurvivalClean/ResourcesData/Sprites/Components/Icon_PictoIcons(x2)/64/Icon_Wifi_Off.Png using Guid(eea58ea49260b4e0280a8f2144233d97) Importer(2089858483,192608db42251d675da83286b1cce702) (ScriptedImporter) -> (artifact id: '65dd2b10f0da7c92ee57ec4199d215b2') in 0.0281234 seconds
Number of updated asset objects reloaded before import = 0Number of asset objects unloaded after import = 3

========================================================================
Received Import Request.
  Time since last request: 0.000017 seconds.
  path: Assets/_YK/_Picture/Layer Lab/GUI Pro-SurvivalClean/ResourcesData/Sprites/Components/Icon_PictoIcons(x2)/64/Icon_Fishing.Png
  artifactKey: Guid(4110725455db44a068d39ea00f2e3690) Importer(2089858483,192608db42251d675da83286b1cce702)
Start importing Assets/_YK/_Picture/Layer Lab/GUI Pro-SurvivalClean/ResourcesData/Sprites/Components/Icon_PictoIcons(x2)/64/Icon_Fishing.Png using Guid(4110725455db44a068d39ea00f2e3690) Importer(2089858483,192608db42251d675da83286b1cce702) (ScriptedImporter) -> (artifact id: 'f00be18aea819fd11a739670c5e706a6') in 0.0244093 seconds
Number of updated asset objects reloaded before import = 0Number of asset objects unloaded after import = 3

========================================================================
Received Import Request.
  Time since last request: 0.000017 seconds.
  path: Assets/_Scripts/Objects/toggleSmartPhone.cs
  artifactKey: Guid(15f2dfc2e40a6c14c9a0d175179f357d) Importer(2089858483,192608db42251d675da83286b1cce702)
Start importing Assets/_Scripts/Objects/toggleSmartPhone.cs using Guid(15f2dfc2e40a6c14c9a0d175179f357d) Importer(2089858483,192608db42251d675da83286b1cce702) (ScriptedImporter) -> (artifact id: 'c9ea78b2a575c53e80612e63c6eee6aa') in 0.0157246 seconds
Number of updated asset objects reloaded before import = 0Number of asset objects unloaded after import = 0

========================================================================
Received Import Request.
  Time since last request: 0.000027 seconds.
  path: Assets/_YK/_Picture/Layer Lab/GUI Pro-SurvivalClean/ResourcesData/Sprites/Components/Icon_PictoIcons(x2)/64/Icon_Chest_1.Png
  artifactKey: Guid(d1e0ad0f7305144fc93956da7e16f3f0) Importer(2089858483,192608db42251d675da83286b1cce702)
Start importing Assets/_YK/_Picture/Layer Lab/GUI Pro-SurvivalClean/ResourcesData/Sprites/Components/Icon_PictoIcons(x2)/64/Icon_Chest_1.Png using Guid(d1e0ad0f7305144fc93956da7e16f3f0) Importer(2089858483,192608db42251d675da83286b1cce702) (ScriptedImporter) -> (artifact id: '68e1149ce4bac6baa427c6c7b9f7053b') in 0.0235836 seconds
Number of updated asset objects reloaded before import = 0Number of asset objects unloaded after import = 3

========================================================================
Received Import Request.
  Time since last request: 0.000016 seconds.
  path: Assets/objects/background/battery.png
  artifactKey: Guid(71ed020f9ad2adb4facc39dd0b9e83d0) Importer(2089858483,192608db42251d675da83286b1cce702)
Start importing Assets/objects/background/battery.png using Guid(71ed020f9ad2adb4facc39dd0b9e83d0) Importer(2089858483,192608db42251d675da83286b1cce702) (ScriptedImporter) -> (artifact id: 'b0f74b2a3ad08e30f05036a4508bba07') in 0.0245795 seconds
Number of updated asset objects reloaded before import = 0Number of asset objects unloaded after import = 3

========================================================================
Received Import Request.
  Time since last request: 0.000017 seconds.
  path: Assets/_YK/_Picture/Layer Lab/GUI Pro-SurvivalClean/ResourcesData/Sprites/Components/Icon_PictoIcons(x2)/64/Icon_Knife_0.Png
  artifactKey: Guid(189e076ecb53c4581aced008fe48ba79) Importer(2089858483,192608db42251d675da83286b1cce702)
Start importing Assets/_YK/_Picture/Layer Lab/GUI Pro-SurvivalClean/ResourcesData/Sprites/Components/Icon_PictoIcons(x2)/64/Icon_Knife_0.Png using Guid(189e076ecb53c4581aced008fe48ba79) Importer(2089858483,192608db42251d675da83286b1cce702) (ScriptedImporter) -> (artifact id: '31474fa76d6be425e1e42de990e7c265') in 0.0251274 seconds
Number of updated asset objects reloaded before import = 0Number of asset objects unloaded after import = 3

========================================================================
Received Import Request.
  Time since last request: 0.000015 seconds.
  path: Assets/_YK/_Picture/Layer Lab/GUI Pro-SurvivalClean/ResourcesData/Sprites/Components/Icon_PictoIcons(x2)/64/Icon_Filter.Png
  artifactKey: Guid(afb16b7f0135f47d691c7e8344c43fb5) Importer(2089858483,192608db42251d675da83286b1cce702)
Start importing Assets/_YK/_Picture/Layer Lab/GUI Pro-SurvivalClean/ResourcesData/Sprites/Components/Icon_PictoIcons(x2)/64/Icon_Filter.Png using Guid(afb16b7f0135f47d691c7e8344c43fb5) Importer(2089858483,192608db42251d675da83286b1cce702) (ScriptedImporter) -> (artifact id: 'daa6202a957de2a1d377b82c500441ee') in 0.021104 seconds
Number of updated asset objects reloaded before import = 0Number of asset objects unloaded after import = 3

========================================================================
Received Import Request.
  Time since last request: 0.000020 seconds.
  path: Assets/_YK/_Picture/Layer Lab/GUI Pro-SurvivalClean/ResourcesData/Sprites/Components/Icon_PictoIcons(x2)/64/Icon_Undo.Png
  artifactKey: Guid(0548866d65430461797b1ce61cdda61f) Importer(2089858483,192608db42251d675da83286b1cce702)
Start importing Assets/_YK/_Picture/Layer Lab/GUI Pro-SurvivalClean/ResourcesData/Sprites/Components/Icon_PictoIcons(x2)/64/Icon_Undo.Png using Guid(0548866d65430461797b1ce61cdda61f) Importer(2089858483,192608db42251d675da83286b1cce702) (ScriptedImporter) -> (artifact id: '59bbc0e3f95688e73e33c625ac960961') in 0.0248422 seconds
Number of updated asset objects reloaded before import = 0Number of asset objects unloaded after import = 3

========================================================================
Received Import Request.
  Time since last request: 0.000014 seconds.
  path: Assets/_Scripts/Objects/movePoint.cs
  artifactKey: Guid(2c0ad9ea15c0faf41bd9ab3fd97594ab) Importer(2089858483,192608db42251d675da83286b1cce702)
Start importing Assets/_Scripts/Objects/movePoint.cs using Guid(2c0ad9ea15c0faf41bd9ab3fd97594ab) Importer(2089858483,192608db42251d675da83286b1cce702) (ScriptedImporter) -> (artifact id: '1ab6b0ed7c08633f01906ba4204d45a1') in 0.0164408 seconds
Number of updated asset objects reloaded before import = 0Number of asset objects unloaded after import = 0

========================================================================
Received Import Request.
  Time since last request: 0.000017 seconds.
  path: Assets/XXX/Character/Character1Idle.anim
  artifactKey: Guid(fdd920b52ded36a488dd990e1e9068c3) Importer(2089858483,192608db42251d675da83286b1cce702)
Start importing Assets/XXX/Character/Character1Idle.anim using Guid(fdd920b52ded36a488dd990e1e9068c3) Importer(2089858483,192608db42251d675da83286b1cce702) (ScriptedImporter) -> (artifact id: '6fc4ddbb5f3ec83efc25ce0508895a54') in 0.0183954 seconds
Number of updated asset objects reloaded before import = 0Number of asset objects unloaded after import = 1

========================================================================
Received Import Request.
  Time since last request: 0.000015 seconds.
  path: Assets/_YK/_Picture/Layer Lab/GUI Pro-SurvivalClean/ResourcesData/Sprites/Components/Icon_PictoIcons(x2)/64/Icon_Map_Pin.Png
  artifactKey: Guid(c11baecd820d34431bacea342fae4a97) Importer(2089858483,192608db42251d675da83286b1cce702)
Start importing Assets/_YK/_Picture/Layer Lab/GUI Pro-SurvivalClean/ResourcesData/Sprites/Components/Icon_PictoIcons(x2)/64/Icon_Map_Pin.Png using Guid(c11baecd820d34431bacea342fae4a97) Importer(2089858483,192608db42251d675da83286b1cce702) (ScriptedImporter) -> (artifact id: '908243aecbf823af92d0205942e1bcff') in 0.0207501 seconds
Number of updated asset objects reloaded before import = 0Number of asset objects unloaded after import = 3

========================================================================
Received Prepare
Begin MonoManager ReloadAssembly
- Loaded All Assemblies, in  0.825 seconds
Refreshing native plugins compatible for Editor in 3.53 ms, found 4 plugins.
Native extension for WindowsStandalone target not found
Native extension for WebGL target not found
Mono: successfully reloaded assembly
- Finished resetting the current domain, in  0.785 seconds
Domain Reload Profiling: 1601ms
	BeginReloadAssembly (236ms)
		ExecutionOrderSort (0ms)
		DisableScriptedObjects (12ms)
		BackupInstance (0ms)
		ReleaseScriptingObjects (0ms)
		CreateAndSetChildDomain (61ms)
	RebuildCommonClasses (32ms)
	RebuildNativeTypeToScriptingClass (10ms)
	initialDomainReloadingComplete (38ms)
	LoadAllAssembliesAndSetupDomain (499ms)
		LoadAssemblies (432ms)
		RebuildTransferFunctionScriptingTraits (0ms)
		AnalyzeDomain (179ms)
			TypeCache.Refresh (6ms)
				TypeCache.ScanAssembly (0ms)
			BuildScriptInfoCaches (159ms)
			ResolveRequiredComponents (10ms)
	FinalizeReload (785ms)
		ReleaseScriptCaches (0ms)
		RebuildScriptCaches (0ms)
		SetupLoadedEditorAssemblies (582ms)
			LogAssemblyErrors (0ms)
			InitializePlatformSupportModulesInManaged (3ms)
			SetLoadedEditorAssemblies (3ms)
			BeforeProcessingInitializeOnLoad (150ms)
			ProcessInitializeOnLoadAttributes (348ms)
			ProcessInitializeOnLoadMethodAttributes (64ms)
			AfterProcessingInitializeOnLoad (14ms)
			EditorAssembliesLoaded (0ms)
		ExecutionOrderSort2 (0ms)
		AwakeInstancesAfterBackupRestoration (27ms)
Refreshing native plugins compatible for Editor in 3.31 ms, found 4 plugins.
Preloading 0 native plugins for Editor in 0.00 ms.
Unloading 13 Unused Serialized files (Serialized files now loaded: 0)
Unloading 6687 unused Assets / (4.6 MB). Loaded Objects now: 7406.
Memory consumption went from 146.0 MB to 141.4 MB.
Total: 9.303900 ms (FindLiveObjects: 0.623600 ms CreateObjectMapping: 0.778900 ms MarkObjects: 5.414500 ms  DeleteObjects: 2.486300 ms)

Prepare: number of updated asset objects reloaded= 0
========================================================================
Received Prepare
Begin MonoManager ReloadAssembly
- Loaded All Assemblies, in  0.797 seconds
Refreshing native plugins compatible for Editor in 3.21 ms, found 4 plugins.
Native extension for WindowsStandalone target not found
Native extension for WebGL target not found
Mono: successfully reloaded assembly
- Finished resetting the current domain, in  0.882 seconds
Domain Reload Profiling: 1670ms
	BeginReloadAssembly (216ms)
		ExecutionOrderSort (0ms)
		DisableScriptedObjects (13ms)
		BackupInstance (0ms)
		ReleaseScriptingObjects (0ms)
		CreateAndSetChildDomain (46ms)
	RebuildCommonClasses (32ms)
	RebuildNativeTypeToScriptingClass (11ms)
	initialDomainReloadingComplete (37ms)
	LoadAllAssembliesAndSetupDomain (492ms)
		LoadAssemblies (439ms)
		RebuildTransferFunctionScriptingTraits (0ms)
		AnalyzeDomain (165ms)
			TypeCache.Refresh (5ms)
				TypeCache.ScanAssembly (0ms)
			BuildScriptInfoCaches (148ms)
			ResolveRequiredComponents (8ms)
	FinalizeReload (883ms)
		ReleaseScriptCaches (0ms)
		RebuildScriptCaches (0ms)
		SetupLoadedEditorAssemblies (675ms)
			LogAssemblyErrors (0ms)
			InitializePlatformSupportModulesInManaged (3ms)
			SetLoadedEditorAssemblies (4ms)
			BeforeProcessingInitializeOnLoad (176ms)
			ProcessInitializeOnLoadAttributes (399ms)
			ProcessInitializeOnLoadMethodAttributes (76ms)
			AfterProcessingInitializeOnLoad (17ms)
			EditorAssembliesLoaded (0ms)
		ExecutionOrderSort2 (0ms)
		AwakeInstancesAfterBackupRestoration (32ms)
Refreshing native plugins compatible for Editor in 5.81 ms, found 4 plugins.
Preloading 0 native plugins for Editor in 0.00 ms.
Unloading 13 Unused Serialized files (Serialized files now loaded: 0)
Unloading 6687 unused Assets / (3.1 MB). Loaded Objects now: 7408.
Memory consumption went from 146.0 MB to 142.9 MB.
Total: 15.694700 ms (FindLiveObjects: 1.233900 ms CreateObjectMapping: 1.407800 ms MarkObjects: 8.664800 ms  DeleteObjects: 4.387500 ms)

Prepare: number of updated asset objects reloaded= 0
========================================================================
Received Prepare
Begin MonoManager ReloadAssembly
- Loaded All Assemblies, in  0.789 seconds
Refreshing native plugins compatible for Editor in 2.91 ms, found 4 plugins.
Native extension for WindowsStandalone target not found
Native extension for WebGL target not found
Mono: successfully reloaded assembly
- Finished resetting the current domain, in  0.793 seconds
Domain Reload Profiling: 1573ms
	BeginReloadAssembly (221ms)
		ExecutionOrderSort (0ms)
		DisableScriptedObjects (13ms)
		BackupInstance (0ms)
		ReleaseScriptingObjects (0ms)
		CreateAndSetChildDomain (47ms)
	RebuildCommonClasses (31ms)
	RebuildNativeTypeToScriptingClass (10ms)
	initialDomainReloadingComplete (34ms)
	LoadAllAssembliesAndSetupDomain (484ms)
		LoadAssemblies (432ms)
		RebuildTransferFunctionScriptingTraits (0ms)
		AnalyzeDomain (164ms)
			TypeCache.Refresh (5ms)
				TypeCache.ScanAssembly (0ms)
			BuildScriptInfoCaches (148ms)
			ResolveRequiredComponents (8ms)
	FinalizeReload (793ms)
		ReleaseScriptCaches (0ms)
		RebuildScriptCaches (0ms)
		SetupLoadedEditorAssemblies (607ms)
			LogAssemblyErrors (0ms)
			InitializePlatformSupportModulesInManaged (3ms)
			SetLoadedEditorAssemblies (4ms)
			BeforeProcessingInitializeOnLoad (153ms)
			ProcessInitializeOnLoadAttributes (365ms)
			ProcessInitializeOnLoadMethodAttributes (68ms)
			AfterProcessingInitializeOnLoad (15ms)
			EditorAssembliesLoaded (0ms)
		ExecutionOrderSort2 (0ms)
		AwakeInstancesAfterBackupRestoration (29ms)
Refreshing native plugins compatible for Editor in 2.99 ms, found 4 plugins.
Preloading 0 native plugins for Editor in 0.00 ms.
Unloading 13 Unused Serialized files (Serialized files now loaded: 0)
Unloading 6687 unused Assets / (4.5 MB). Loaded Objects now: 7410.
Memory consumption went from 146.0 MB to 141.5 MB.
Total: 8.027400 ms (FindLiveObjects: 0.662900 ms CreateObjectMapping: 0.815000 ms MarkObjects: 4.388600 ms  DeleteObjects: 2.160100 ms)

Prepare: number of updated asset objects reloaded= 0
========================================================================
Received Prepare
Begin MonoManager ReloadAssembly
- Loaded All Assemblies, in  0.801 seconds
Refreshing native plugins compatible for Editor in 3.55 ms, found 4 plugins.
Native extension for WindowsStandalone target not found
Native extension for WebGL target not found
Mono: successfully reloaded assembly
- Finished resetting the current domain, in  0.872 seconds
Domain Reload Profiling: 1664ms
	BeginReloadAssembly (219ms)
		ExecutionOrderSort (0ms)
		DisableScriptedObjects (13ms)
		BackupInstance (0ms)
		ReleaseScriptingObjects (0ms)
		CreateAndSetChildDomain (43ms)
	RebuildCommonClasses (34ms)
	RebuildNativeTypeToScriptingClass (10ms)
	initialDomainReloadingComplete (39ms)
	LoadAllAssembliesAndSetupDomain (489ms)
		LoadAssemblies (438ms)
		RebuildTransferFunctionScriptingTraits (0ms)
		AnalyzeDomain (166ms)
			TypeCache.Refresh (5ms)
				TypeCache.ScanAssembly (0ms)
			BuildScriptInfoCaches (149ms)
			ResolveRequiredComponents (9ms)
	FinalizeReload (873ms)
		ReleaseScriptCaches (0ms)
		RebuildScriptCaches (0ms)
		SetupLoadedEditorAssemblies (667ms)
			LogAssemblyErrors (0ms)
			InitializePlatformSupportModulesInManaged (4ms)
			SetLoadedEditorAssemblies (4ms)
			BeforeProcessingInitializeOnLoad (166ms)
			ProcessInitializeOnLoadAttributes (402ms)
			ProcessInitializeOnLoadMethodAttributes (74ms)
			AfterProcessingInitializeOnLoad (15ms)
			EditorAssembliesLoaded (0ms)
		ExecutionOrderSort2 (0ms)
		AwakeInstancesAfterBackupRestoration (30ms)
Refreshing native plugins compatible for Editor in 4.85 ms, found 4 plugins.
Preloading 0 native plugins for Editor in 0.00 ms.
Unloading 13 Unused Serialized files (Serialized files now loaded: 0)
Unloading 6687 unused Assets / (3.8 MB). Loaded Objects now: 7412.
Memory consumption went from 146.0 MB to 142.2 MB.
Total: 9.532000 ms (FindLiveObjects: 0.908500 ms CreateObjectMapping: 1.224500 ms MarkObjects: 5.211200 ms  DeleteObjects: 2.186800 ms)

Prepare: number of updated asset objects reloaded= 0
========================================================================
Received Prepare
Begin MonoManager ReloadAssembly
- Loaded All Assemblies, in  0.822 seconds
Refreshing native plugins compatible for Editor in 3.16 ms, found 4 plugins.
Native extension for WindowsStandalone target not found
Native extension for WebGL target not found
Mono: successfully reloaded assembly
- Finished resetting the current domain, in  0.791 seconds
Domain Reload Profiling: 1603ms
	BeginReloadAssembly (227ms)
		ExecutionOrderSort (0ms)
		DisableScriptedObjects (13ms)
		BackupInstance (0ms)
		ReleaseScriptingObjects (0ms)
		CreateAndSetChildDomain (48ms)
	RebuildCommonClasses (33ms)
	RebuildNativeTypeToScriptingClass (10ms)
	initialDomainReloadingComplete (35ms)
	LoadAllAssembliesAndSetupDomain (507ms)
		LoadAssemblies (455ms)
		RebuildTransferFunctionScriptingTraits (0ms)
		AnalyzeDomain (167ms)
			TypeCache.Refresh (5ms)
				TypeCache.ScanAssembly (0ms)
			BuildScriptInfoCaches (150ms)
			ResolveRequiredComponents (9ms)
	FinalizeReload (791ms)
		ReleaseScriptCaches (0ms)
		RebuildScriptCaches (0ms)
		SetupLoadedEditorAssemblies (607ms)
			LogAssemblyErrors (0ms)
			InitializePlatformSupportModulesInManaged (3ms)
			SetLoadedEditorAssemblies (3ms)
			BeforeProcessingInitializeOnLoad (152ms)
			ProcessInitializeOnLoadAttributes (366ms)
			ProcessInitializeOnLoadMethodAttributes (68ms)
			AfterProcessingInitializeOnLoad (15ms)
			EditorAssembliesLoaded (0ms)
		ExecutionOrderSort2 (0ms)
		AwakeInstancesAfterBackupRestoration (28ms)
Refreshing native plugins compatible for Editor in 4.82 ms, found 4 plugins.
Preloading 0 native plugins for Editor in 0.00 ms.
Unloading 13 Unused Serialized files (Serialized files now loaded: 0)
Unloading 6687 unused Assets / (3.1 MB). Loaded Objects now: 7414.
Memory consumption went from 146.0 MB to 142.9 MB.
Total: 12.594400 ms (FindLiveObjects: 1.118200 ms CreateObjectMapping: 1.289500 ms MarkObjects: 7.373900 ms  DeleteObjects: 2.811700 ms)

Prepare: number of updated asset objects reloaded= 0
